[0.345s] DEBUG:colcon:Command line arguments: ['/usr/bin/colcon', 'build', '--symlink-install']
[0.345s] DEBUG:colcon:Parsed command line arguments: Namespace(log_base=None, log_level=None, verb_name='build', build_base='build', install_base='install', merge_install=False, symlink_install=True, test_result_base=None, continue_on_error=False, executor='parallel', parallel_workers=20, event_handlers=None, ignore_user_meta=False, metas=['./colcon.meta'], base_paths=['.'], packages_ignore=None, packages_ignore_regex=None, paths=None, packages_up_to=None, packages_up_to_regex=None, packages_above=None, packages_above_and_dependencies=None, packages_above_depth=None, packages_select_by_dep=None, packages_skip_by_dep=None, packages_skip_up_to=None, packages_select_build_failed=False, packages_skip_build_finished=False, packages_select_test_failures=False, packages_skip_test_passed=False, packages_select=None, packages_skip=None, packages_select_regex=None, packages_skip_regex=None, packages_start=None, packages_end=None, allow_overriding=[], cmake_args=None, cmake_target=None, cmake_target_skip_unavailable=False, cmake_clean_cache=False, cmake_clean_first=False, cmake_force_configure=False, ament_cmake_args=None, catkin_cmake_args=None, catkin_skip_building_tests=False, mixin_files=None, mixin=None, verb_parser=<colcon_mixin.mixin.mixin_argument.MixinArgumentDecorator object at 0x7b088b1c83d0>, verb_extension=<colcon_core.verb.build.BuildVerb object at 0x7b088b19be50>, main=<bound method BuildVerb.main of <colcon_core.verb.build.BuildVerb object at 0x7b088b19be50>>, mixin_verb=('build',))
[0.895s] Level 1:colcon.colcon_core.package_discovery:discover_packages(colcon_meta) check parameters
[0.895s] Level 1:colcon.colcon_core.package_discovery:discover_packages(recursive) check parameters
[0.895s] Level 1:colcon.colcon_core.package_discovery:discover_packages(ignore) check parameters
[0.895s] Level 1:colcon.colcon_core.package_discovery:discover_packages(path) check parameters
[0.895s] Level 1:colcon.colcon_core.package_discovery:discover_packages(colcon_meta) discover
[0.895s] Level 1:colcon.colcon_core.package_discovery:discover_packages(recursive) discover
[0.895s] INFO:colcon.colcon_core.package_discovery:Crawling recursively for packages in '/home/ubuntu/diffbot_ws'
[0.895s] Level 1:colcon.colcon_core.package_identification:_identify(.) by extensions ['ignore', 'ignore_ament_install']
[0.896s] Level 1:colcon.colcon_core.package_identification:_identify(.) by extension 'ignore'
[0.896s] Level 1:colcon.colcon_core.package_identification:_identify(.) by extension 'ignore_ament_install'
[0.896s] Level 1:colcon.colcon_core.package_identification:_identify(.) by extensions ['colcon_pkg']
[0.896s] Level 1:colcon.colcon_core.package_identification:_identify(.) by extension 'colcon_pkg'
[0.896s] Level 1:colcon.colcon_core.package_identification:_identify(.) by extensions ['colcon_meta']
[0.896s] Level 1:colcon.colcon_core.package_identification:_identify(.) by extension 'colcon_meta'
[0.896s] Level 1:colcon.colcon_core.package_identification:_identify(.) by extensions ['ros']
[0.896s] Level 1:colcon.colcon_core.package_identification:_identify(.) by extension 'ros'
[0.917s] Level 1:colcon.colcon_core.package_identification:_identify(.) by extensions ['cmake', 'python']
[0.918s] Level 1:colcon.colcon_core.package_identification:_identify(.) by extension 'cmake'
[0.918s] Level 1:colcon.colcon_core.package_identification:_identify(.) by extension 'python'
[0.918s] Level 1:colcon.colcon_core.package_identification:_identify(.) by extensions ['python_setup_py']
[0.918s] Level 1:colcon.colcon_core.package_identification:_identify(.) by extension 'python_setup_py'
[0.918s] Level 1:colcon.colcon_core.package_identification:_identify(arduino) by extensions ['ignore', 'ignore_ament_install']
[0.918s] Level 1:colcon.colcon_core.package_identification:_identify(arduino) by extension 'ignore'
[0.918s] Level 1:colcon.colcon_core.package_identification:_identify(arduino) by extension 'ignore_ament_install'
[0.918s] Level 1:colcon.colcon_core.package_identification:_identify(arduino) by extensions ['colcon_pkg']
[0.918s] Level 1:colcon.colcon_core.package_identification:_identify(arduino) by extension 'colcon_pkg'
[0.918s] Level 1:colcon.colcon_core.package_identification:_identify(arduino) by extensions ['colcon_meta']
[0.919s] Level 1:colcon.colcon_core.package_identification:_identify(arduino) by extension 'colcon_meta'
[0.919s] Level 1:colcon.colcon_core.package_identification:_identify(arduino) by extensions ['ros']
[0.919s] Level 1:colcon.colcon_core.package_identification:_identify(arduino) by extension 'ros'
[0.919s] Level 1:colcon.colcon_core.package_identification:_identify(arduino) by extensions ['cmake', 'python']
[0.919s] Level 1:colcon.colcon_core.package_identification:_identify(arduino) by extension 'cmake'
[0.919s] Level 1:colcon.colcon_core.package_identification:_identify(arduino) by extension 'python'
[0.919s] Level 1:colcon.colcon_core.package_identification:_identify(arduino) by extensions ['python_setup_py']
[0.919s] Level 1:colcon.colcon_core.package_identification:_identify(arduino) by extension 'python_setup_py'
[0.919s] Level 1:colcon.colcon_core.package_identification:_identify(arduino/diffbot_final) by extensions ['ignore', 'ignore_ament_install']
[0.919s] Level 1:colcon.colcon_core.package_identification:_identify(arduino/diffbot_final) by extension 'ignore'
[0.919s] Level 1:colcon.colcon_core.package_identification:_identify(arduino/diffbot_final) by extension 'ignore_ament_install'
[0.919s] Level 1:colcon.colcon_core.package_identification:_identify(arduino/diffbot_final) by extensions ['colcon_pkg']
[0.919s] Level 1:colcon.colcon_core.package_identification:_identify(arduino/diffbot_final) by extension 'colcon_pkg'
[0.920s] Level 1:colcon.colcon_core.package_identification:_identify(arduino/diffbot_final) by extensions ['colcon_meta']
[0.920s] Level 1:colcon.colcon_core.package_identification:_identify(arduino/diffbot_final) by extension 'colcon_meta'
[0.920s] Level 1:colcon.colcon_core.package_identification:_identify(arduino/diffbot_final) by extensions ['ros']
[0.920s] Level 1:colcon.colcon_core.package_identification:_identify(arduino/diffbot_final) by extension 'ros'
[0.920s] Level 1:colcon.colcon_core.package_identification:_identify(arduino/diffbot_final) by extensions ['cmake', 'python']
[0.920s] Level 1:colcon.colcon_core.package_identification:_identify(arduino/diffbot_final) by extension 'cmake'
[0.921s] Level 1:colcon.colcon_core.package_identification:_identify(arduino/diffbot_final) by extension 'python'
[0.921s] Level 1:colcon.colcon_core.package_identification:_identify(arduino/diffbot_final) by extensions ['python_setup_py']
[0.921s] Level 1:colcon.colcon_core.package_identification:_identify(arduino/diffbot_final) by extension 'python_setup_py'
[0.921s] Level 1:colcon.colcon_core.package_identification:_identify(build) by extensions ['ignore', 'ignore_ament_install']
[0.921s] Level 1:colcon.colcon_core.package_identification:_identify(build) by extension 'ignore'
[0.921s] Level 1:colcon.colcon_core.package_identification:_identify(build) ignored
[0.921s] Level 1:colcon.colcon_core.package_identification:_identify(install) by extensions ['ignore', 'ignore_ament_install']
[0.922s] Level 1:colcon.colcon_core.package_identification:_identify(install) by extension 'ignore'
[0.922s] Level 1:colcon.colcon_core.package_identification:_identify(install) ignored
[0.922s] Level 1:colcon.colcon_core.package_identification:_identify(log) by extensions ['ignore', 'ignore_ament_install']
[0.922s] Level 1:colcon.colcon_core.package_identification:_identify(log) by extension 'ignore'
[0.922s] Level 1:colcon.colcon_core.package_identification:_identify(log) ignored
[0.922s] Level 1:colcon.colcon_core.package_identification:_identify(serial_bridge) by extensions ['ignore', 'ignore_ament_install']
[0.923s] Level 1:colcon.colcon_core.package_identification:_identify(serial_bridge) by extension 'ignore'
[0.923s] Level 1:colcon.colcon_core.package_identification:_identify(serial_bridge) by extension 'ignore_ament_install'
[0.923s] Level 1:colcon.colcon_core.package_identification:_identify(serial_bridge) by extensions ['colcon_pkg']
[0.923s] Level 1:colcon.colcon_core.package_identification:_identify(serial_bridge) by extension 'colcon_pkg'
[0.923s] Level 1:colcon.colcon_core.package_identification:_identify(serial_bridge) by extensions ['colcon_meta']
[0.923s] Level 1:colcon.colcon_core.package_identification:_identify(serial_bridge) by extension 'colcon_meta'
[0.923s] Level 1:colcon.colcon_core.package_identification:_identify(serial_bridge) by extensions ['ros']
[0.923s] Level 1:colcon.colcon_core.package_identification:_identify(serial_bridge) by extension 'ros'
[0.923s] Level 1:colcon.colcon_core.package_identification:_identify(serial_bridge) by extensions ['cmake', 'python']
[0.924s] Level 1:colcon.colcon_core.package_identification:_identify(serial_bridge) by extension 'cmake'
[0.924s] Level 1:colcon.colcon_core.package_identification:_identify(serial_bridge) by extension 'python'
[0.924s] Level 1:colcon.colcon_core.package_identification:_identify(serial_bridge) by extensions ['python_setup_py']
[0.924s] Level 1:colcon.colcon_core.package_identification:_identify(serial_bridge) by extension 'python_setup_py'
[0.924s] Level 1:colcon.colcon_core.package_identification:_identify(src) by extensions ['ignore', 'ignore_ament_install']
[0.924s] Level 1:colcon.colcon_core.package_identification:_identify(src) by extension 'ignore'
[0.924s] Level 1:colcon.colcon_core.package_identification:_identify(src) by extension 'ignore_ament_install'
[0.925s] Level 1:colcon.colcon_core.package_identification:_identify(src) by extensions ['colcon_pkg']
[0.925s] Level 1:colcon.colcon_core.package_identification:_identify(src) by extension 'colcon_pkg'
[0.925s] Level 1:colcon.colcon_core.package_identification:_identify(src) by extensions ['colcon_meta']
[0.925s] Level 1:colcon.colcon_core.package_identification:_identify(src) by extension 'colcon_meta'
[0.925s] Level 1:colcon.colcon_core.package_identification:_identify(src) by extensions ['ros']
[0.925s] Level 1:colcon.colcon_core.package_identification:_identify(src) by extension 'ros'
[0.925s] Level 1:colcon.colcon_core.package_identification:_identify(src) by extensions ['cmake', 'python']
[0.925s] Level 1:colcon.colcon_core.package_identification:_identify(src) by extension 'cmake'
[0.925s] Level 1:colcon.colcon_core.package_identification:_identify(src) by extension 'python'
[0.925s] Level 1:colcon.colcon_core.package_identification:_identify(src) by extensions ['python_setup_py']
[0.925s] Level 1:colcon.colcon_core.package_identification:_identify(src) by extension 'python_setup_py'
[0.926s] Level 1:colcon.colcon_core.package_identification:_identify(src/diffbot_sim) by extensions ['ignore', 'ignore_ament_install']
[0.926s] Level 1:colcon.colcon_core.package_identification:_identify(src/diffbot_sim) by extension 'ignore'
[0.926s] Level 1:colcon.colcon_core.package_identification:_identify(src/diffbot_sim) by extension 'ignore_ament_install'
[0.926s] Level 1:colcon.colcon_core.package_identification:_identify(src/diffbot_sim) by extensions ['colcon_pkg']
[0.926s] Level 1:colcon.colcon_core.package_identification:_identify(src/diffbot_sim) by extension 'colcon_pkg'
[0.926s] Level 1:colcon.colcon_core.package_identification:_identify(src/diffbot_sim) by extensions ['colcon_meta']
[0.926s] Level 1:colcon.colcon_core.package_identification:_identify(src/diffbot_sim) by extension 'colcon_meta'
[0.926s] Level 1:colcon.colcon_core.package_identification:_identify(src/diffbot_sim) by extensions ['ros']
[0.926s] Level 1:colcon.colcon_core.package_identification:_identify(src/diffbot_sim) by extension 'ros'
[0.931s] DEBUG:colcon.colcon_core.package_identification:Package 'src/diffbot_sim' with type 'ros.ament_cmake' and name 'diffbot_sim'
[0.931s] Level 1:colcon.colcon_core.package_identification:_identify(teleop_web) by extensions ['ignore', 'ignore_ament_install']
[0.931s] Level 1:colcon.colcon_core.package_identification:_identify(teleop_web) by extension 'ignore'
[0.931s] Level 1:colcon.colcon_core.package_identification:_identify(teleop_web) by extension 'ignore_ament_install'
[0.931s] Level 1:colcon.colcon_core.package_identification:_identify(teleop_web) by extensions ['colcon_pkg']
[0.931s] Level 1:colcon.colcon_core.package_identification:_identify(teleop_web) by extension 'colcon_pkg'
[0.931s] Level 1:colcon.colcon_core.package_identification:_identify(teleop_web) by extensions ['colcon_meta']
[0.931s] Level 1:colcon.colcon_core.package_identification:_identify(teleop_web) by extension 'colcon_meta'
[0.932s] Level 1:colcon.colcon_core.package_identification:_identify(teleop_web) by extensions ['ros']
[0.932s] Level 1:colcon.colcon_core.package_identification:_identify(teleop_web) by extension 'ros'
[0.932s] Level 1:colcon.colcon_core.package_identification:_identify(teleop_web) by extensions ['cmake', 'python']
[0.932s] Level 1:colcon.colcon_core.package_identification:_identify(teleop_web) by extension 'cmake'
[0.932s] Level 1:colcon.colcon_core.package_identification:_identify(teleop_web) by extension 'python'
[0.932s] Level 1:colcon.colcon_core.package_identification:_identify(teleop_web) by extensions ['python_setup_py']
[0.932s] Level 1:colcon.colcon_core.package_identification:_identify(teleop_web) by extension 'python_setup_py'
[0.932s] Level 1:colcon.colcon_core.package_discovery:discover_packages(recursive) using defaults
[0.932s] Level 1:colcon.colcon_core.package_discovery:discover_packages(ignore) discover
[0.932s] Level 1:colcon.colcon_core.package_discovery:discover_packages(ignore) using defaults
[0.932s] Level 1:colcon.colcon_core.package_discovery:discover_packages(path) discover
[0.932s] Level 1:colcon.colcon_core.package_discovery:discover_packages(path) using defaults
[1.006s] Level 1:colcon.colcon_core.package_discovery:discover_packages(prefix_path) check parameters
[1.006s] Level 1:colcon.colcon_core.package_discovery:discover_packages(prefix_path) discover
[1.026s] DEBUG:colcon.colcon_installed_package_information.package_discovery:Found 1 installed packages in /home/ubuntu/diffbot_ws/install
[1.039s] DEBUG:colcon.colcon_installed_package_information.package_discovery:Found 348 installed packages in /home/ubuntu/ros2_humble/install
[1.043s] DEBUG:colcon.colcon_installed_package_information.package_discovery:Found 198 installed packages in /opt/ros/humble
[1.051s] Level 1:colcon.colcon_core.package_discovery:discover_packages(prefix_path) using defaults
[1.255s] Level 5:colcon.colcon_core.verb:set package 'diffbot_sim' build argument 'cmake_args' from command line to 'None'
[1.255s] Level 5:colcon.colcon_core.verb:set package 'diffbot_sim' build argument 'cmake_target' from command line to 'None'
[1.255s] Level 5:colcon.colcon_core.verb:set package 'diffbot_sim' build argument 'cmake_target_skip_unavailable' from command line to 'False'
[1.255s] Level 5:colcon.colcon_core.verb:set package 'diffbot_sim' build argument 'cmake_clean_cache' from command line to 'False'
[1.255s] Level 5:colcon.colcon_core.verb:set package 'diffbot_sim' build argument 'cmake_clean_first' from command line to 'False'
[1.255s] Level 5:colcon.colcon_core.verb:set package 'diffbot_sim' build argument 'cmake_force_configure' from command line to 'False'
[1.255s] Level 5:colcon.colcon_core.verb:set package 'diffbot_sim' build argument 'ament_cmake_args' from command line to 'None'
[1.255s] Level 5:colcon.colcon_core.verb:set package 'diffbot_sim' build argument 'catkin_cmake_args' from command line to 'None'
[1.255s] Level 5:colcon.colcon_core.verb:set package 'diffbot_sim' build argument 'catkin_skip_building_tests' from command line to 'False'
[1.256s] DEBUG:colcon.colcon_core.verb:Building package 'diffbot_sim' with the following arguments: {'ament_cmake_args': None, 'build_base': '/home/ubuntu/diffbot_ws/build/diffbot_sim', 'catkin_cmake_args': None, 'catkin_skip_building_tests': False, 'cmake_args': None, 'cmake_clean_cache': False, 'cmake_clean_first': False, 'cmake_force_configure': False, 'cmake_target': None, 'cmake_target_skip_unavailable': False, 'install_base': '/home/ubuntu/diffbot_ws/install/diffbot_sim', 'merge_install': False, 'path': '/home/ubuntu/diffbot_ws/src/diffbot_sim', 'symlink_install': True, 'test_result_base': None}
[1.256s] INFO:colcon.colcon_core.executor:Executing jobs using 'parallel' executor
[1.257s] DEBUG:colcon.colcon_parallel_executor.executor.parallel:run_until_complete
[1.258s] INFO:colcon.colcon_ros.task.ament_cmake.build:Building ROS package in '/home/ubuntu/diffbot_ws/src/diffbot_sim' with build type 'ament_cmake'
[1.258s] INFO:colcon.colcon_cmake.task.cmake.build:Building CMake package in '/home/ubuntu/diffbot_ws/src/diffbot_sim'
[1.268s] INFO:colcon.colcon_core.plugin_system:Skipping extension 'colcon_core.shell.bat': Not used on non-Windows systems
[1.269s] INFO:colcon.colcon_core.shell:Skip shell extension 'powershell' for command environment: Not usable outside of PowerShell
[1.269s] DEBUG:colcon.colcon_core.shell:Skip shell extension 'dsv' for command environment
[1.328s] DEBUG:colcon.colcon_core.event_handler.log_command:Invoking command in '/home/ubuntu/diffbot_ws/build/diffbot_sim': CMAKE_PREFIX_PATH=${CMAKE_PREFIX_PATH}:/opt/ros/humble:/home/ubuntu/ros2_humble/install/rqt_bag_plugins:/home/ubuntu/ros2_humble/install/rqt_bag:/home/ubuntu/ros2_humble/install/launch_testing_examples:/home/ubuntu/ros2_humble/install/ros2bag:/home/ubuntu/ros2_humble/install/tracetools_test:/home/ubuntu/ros2_humble/install/tracetools_launch:/home/ubuntu/ros2_humble/install/topic_monitor:/home/ubuntu/ros2_humble/install/tf2_tools:/home/ubuntu/ros2_humble/install/examples_tf2_py:/home/ubuntu/ros2_humble/install/tf2_ros_py:/home/ubuntu/ros2_humble/install/sros2:/home/ubuntu/ros2_humble/install/rqt_topic:/home/ubuntu/ros2_humble/install/rqt_srv:/home/ubuntu/ros2_humble/install/rqt_shell:/home/ubuntu/ros2_humble/install/rqt_service_caller:/home/ubuntu/ros2_humble/install/rqt_reconfigure:/home/ubuntu/ros2_humble/install/rqt_py_console:/home/ubuntu/ros2_humble/install/rqt_publisher:/home/ubuntu/ros2_humble/install/rqt_plot:/home/ubuntu/ros2_humble/install/rqt_action:/home/ubuntu/ros2_humble/install/rqt_msg:/home/ubuntu/ros2_humble/install/rqt_console:/home/ubuntu/ros2_humble/install/rqt:/home/ubuntu/ros2_humble/install/rqt_graph:/home/ubuntu/ros2_humble/install/rqt_gui_py:/home/ubuntu/ros2_humble/install/rqt_gui:/home/ubuntu/ros2_humble/install/ros2trace:/home/ubuntu/ros2_humble/install/ros2topic:/home/ubuntu/ros2_humble/install/ros2test:/home/ubuntu/ros2_humble/install/ros2component:/home/ubuntu/ros2_humble/install/ros2param:/home/ubuntu/ros2_humble/install/ros2lifecycle:/home/ubuntu/ros2_humble/install/ros2service:/home/ubuntu/ros2_humble/install/ros2run:/home/ubuntu/ros2_humble/install/ros2plugin:/home/ubuntu/ros2_humble/install/ros2launch:/home/ubuntu/ros2_humble/install/ros2pkg:/home/ubuntu/ros2_humble/install/ros2node:/home/ubuntu/ros2_humble/install/ros2multicast:/home/ubuntu/ros2_humble/install/ros2interface:/home/ubuntu/ros2_humble/install/ros2doctor:/home/ubuntu/ros2_humble/install/ros2action:/home/ubuntu/ros2_humble/install/ros2cli:/home/ubuntu/ros2_humble/install/quality_of_service_demo_py:/home/ubuntu/ros2_humble/install/lifecycle_py:/home/ubuntu/ros2_humble/install/launch_testing_ros:/home/ubuntu/ros2_humble/install/launch_ros:/home/ubuntu/ros2_humble/install/examples_rclpy_pointcloud_publisher:/home/ubuntu/ros2_humble/install/examples_rclpy_minimal_subscriber:/home/ubuntu/ros2_humble/install/examples_rclpy_minimal_service:/home/ubuntu/ros2_humble/install/examples_rclpy_minimal_publisher:/home/ubuntu/ros2_humble/install/examples_rclpy_minimal_client:/home/ubuntu/ros2_humble/install/examples_rclpy_minimal_action_server:/home/ubuntu/ros2_humble/install/examples_rclpy_minimal_action_client:/home/ubuntu/ros2_humble/install/examples_rclpy_guard_conditions:/home/ubuntu/ros2_humble/install/examples_rclpy_executors:/home/ubuntu/ros2_humble/install/demo_nodes_py:/home/ubuntu/ros2_humble/install/camera_info_manager_py:/home/ubuntu/ros2_humble/install/action_tutorials_py:/home/ubuntu/ros2_humble/install/ament_uncrustify:/home/ubuntu/ros2_humble/install/tracetools_trace:/home/ubuntu/ros2_humble/install/tracetools_read:/home/ubuntu/ros2_humble/install/test_tracetools_launch:/home/ubuntu/ros2_humble/install/test_launch_ros:/home/ubuntu/ros2_humble/install/sensor_msgs_py:/home/ubuntu/ros2_humble/install/rpyutils:/home/ubuntu/ros2_humble/install/rosidl_runtime_py:/home/ubuntu/ros2_humble/install/rosidl_cli:/home/ubuntu/ros2_humble/install/launch_pytest:/home/ubuntu/ros2_humble/install/launch_testing:/home/ubuntu/ros2_humble/install/launch_yaml:/home/ubuntu/ros2_humble/install/launch_xml:/home/ubuntu/ros2_humble/install/launch:/home/ubuntu/ros2_humble/install/osrf_pycommon:/home/ubuntu/ros2_humble/install/domain_coordinator:/home/ubuntu/ros2_humble/install/ament_xmllint:/home/ubuntu/ros2_humble/install/ament_pyflakes:/home/ubuntu/ros2_humble/install/ament_pycodestyle:/home/ubuntu/ros2_humble/install/ament_pep257:/home/ubuntu/ros2_humble/install/ament_pclint:/home/ubuntu/ros2_humble/install/ament_package:/home/ubuntu/ros2_humble/install/ament_mypy:/home/ubuntu/ros2_humble/install/ament_lint_cmake:/home/ubuntu/ros2_humble/install/ament_flake8:/home/ubuntu/ros2_humble/install/ament_copyright:/home/ubuntu/ros2_humble/install/ament_lint:/home/ubuntu/ros2_humble/install/ament_index_python:/home/ubuntu/ros2_humble/install/ament_cpplint:/home/ubuntu/ros2_humble/install/ament_cppcheck:/home/ubuntu/ros2_humble/install/ament_clang_tidy:/home/ubuntu/ros2_humble/install/ament_clang_format /usr/bin/cmake --build /home/ubuntu/diffbot_ws/build/diffbot_sim -- -j20 -l20
[1.510s] DEBUG:colcon.colcon_core.event_handler.log_command:Invoked command in '/home/ubuntu/diffbot_ws/build/diffbot_sim' returned '0': CMAKE_PREFIX_PATH=${CMAKE_PREFIX_PATH}:/opt/ros/humble:/home/ubuntu/ros2_humble/install/rqt_bag_plugins:/home/ubuntu/ros2_humble/install/rqt_bag:/home/ubuntu/ros2_humble/install/launch_testing_examples:/home/ubuntu/ros2_humble/install/ros2bag:/home/ubuntu/ros2_humble/install/tracetools_test:/home/ubuntu/ros2_humble/install/tracetools_launch:/home/ubuntu/ros2_humble/install/topic_monitor:/home/ubuntu/ros2_humble/install/tf2_tools:/home/ubuntu/ros2_humble/install/examples_tf2_py:/home/ubuntu/ros2_humble/install/tf2_ros_py:/home/ubuntu/ros2_humble/install/sros2:/home/ubuntu/ros2_humble/install/rqt_topic:/home/ubuntu/ros2_humble/install/rqt_srv:/home/ubuntu/ros2_humble/install/rqt_shell:/home/ubuntu/ros2_humble/install/rqt_service_caller:/home/ubuntu/ros2_humble/install/rqt_reconfigure:/home/ubuntu/ros2_humble/install/rqt_py_console:/home/ubuntu/ros2_humble/install/rqt_publisher:/home/ubuntu/ros2_humble/install/rqt_plot:/home/ubuntu/ros2_humble/install/rqt_action:/home/ubuntu/ros2_humble/install/rqt_msg:/home/ubuntu/ros2_humble/install/rqt_console:/home/ubuntu/ros2_humble/install/rqt:/home/ubuntu/ros2_humble/install/rqt_graph:/home/ubuntu/ros2_humble/install/rqt_gui_py:/home/ubuntu/ros2_humble/install/rqt_gui:/home/ubuntu/ros2_humble/install/ros2trace:/home/ubuntu/ros2_humble/install/ros2topic:/home/ubuntu/ros2_humble/install/ros2test:/home/ubuntu/ros2_humble/install/ros2component:/home/ubuntu/ros2_humble/install/ros2param:/home/ubuntu/ros2_humble/install/ros2lifecycle:/home/ubuntu/ros2_humble/install/ros2service:/home/ubuntu/ros2_humble/install/ros2run:/home/ubuntu/ros2_humble/install/ros2plugin:/home/ubuntu/ros2_humble/install/ros2launch:/home/ubuntu/ros2_humble/install/ros2pkg:/home/ubuntu/ros2_humble/install/ros2node:/home/ubuntu/ros2_humble/install/ros2multicast:/home/ubuntu/ros2_humble/install/ros2interface:/home/ubuntu/ros2_humble/install/ros2doctor:/home/ubuntu/ros2_humble/install/ros2action:/home/ubuntu/ros2_humble/install/ros2cli:/home/ubuntu/ros2_humble/install/quality_of_service_demo_py:/home/ubuntu/ros2_humble/install/lifecycle_py:/home/ubuntu/ros2_humble/install/launch_testing_ros:/home/ubuntu/ros2_humble/install/launch_ros:/home/ubuntu/ros2_humble/install/examples_rclpy_pointcloud_publisher:/home/ubuntu/ros2_humble/install/examples_rclpy_minimal_subscriber:/home/ubuntu/ros2_humble/install/examples_rclpy_minimal_service:/home/ubuntu/ros2_humble/install/examples_rclpy_minimal_publisher:/home/ubuntu/ros2_humble/install/examples_rclpy_minimal_client:/home/ubuntu/ros2_humble/install/examples_rclpy_minimal_action_server:/home/ubuntu/ros2_humble/install/examples_rclpy_minimal_action_client:/home/ubuntu/ros2_humble/install/examples_rclpy_guard_conditions:/home/ubuntu/ros2_humble/install/examples_rclpy_executors:/home/ubuntu/ros2_humble/install/demo_nodes_py:/home/ubuntu/ros2_humble/install/camera_info_manager_py:/home/ubuntu/ros2_humble/install/action_tutorials_py:/home/ubuntu/ros2_humble/install/ament_uncrustify:/home/ubuntu/ros2_humble/install/tracetools_trace:/home/ubuntu/ros2_humble/install/tracetools_read:/home/ubuntu/ros2_humble/install/test_tracetools_launch:/home/ubuntu/ros2_humble/install/test_launch_ros:/home/ubuntu/ros2_humble/install/sensor_msgs_py:/home/ubuntu/ros2_humble/install/rpyutils:/home/ubuntu/ros2_humble/install/rosidl_runtime_py:/home/ubuntu/ros2_humble/install/rosidl_cli:/home/ubuntu/ros2_humble/install/launch_pytest:/home/ubuntu/ros2_humble/install/launch_testing:/home/ubuntu/ros2_humble/install/launch_yaml:/home/ubuntu/ros2_humble/install/launch_xml:/home/ubuntu/ros2_humble/install/launch:/home/ubuntu/ros2_humble/install/osrf_pycommon:/home/ubuntu/ros2_humble/install/domain_coordinator:/home/ubuntu/ros2_humble/install/ament_xmllint:/home/ubuntu/ros2_humble/install/ament_pyflakes:/home/ubuntu/ros2_humble/install/ament_pycodestyle:/home/ubuntu/ros2_humble/install/ament_pep257:/home/ubuntu/ros2_humble/install/ament_pclint:/home/ubuntu/ros2_humble/install/ament_package:/home/ubuntu/ros2_humble/install/ament_mypy:/home/ubuntu/ros2_humble/install/ament_lint_cmake:/home/ubuntu/ros2_humble/install/ament_flake8:/home/ubuntu/ros2_humble/install/ament_copyright:/home/ubuntu/ros2_humble/install/ament_lint:/home/ubuntu/ros2_humble/install/ament_index_python:/home/ubuntu/ros2_humble/install/ament_cpplint:/home/ubuntu/ros2_humble/install/ament_cppcheck:/home/ubuntu/ros2_humble/install/ament_clang_tidy:/home/ubuntu/ros2_humble/install/ament_clang_format /usr/bin/cmake --build /home/ubuntu/diffbot_ws/build/diffbot_sim -- -j20 -l20
[1.546s] DEBUG:colcon.colcon_core.event_handler.log_command:Invoking command in '/home/ubuntu/diffbot_ws/build/diffbot_sim': CMAKE_PREFIX_PATH=${CMAKE_PREFIX_PATH}:/opt/ros/humble:/home/ubuntu/ros2_humble/install/rqt_bag_plugins:/home/ubuntu/ros2_humble/install/rqt_bag:/home/ubuntu/ros2_humble/install/launch_testing_examples:/home/ubuntu/ros2_humble/install/ros2bag:/home/ubuntu/ros2_humble/install/tracetools_test:/home/ubuntu/ros2_humble/install/tracetools_launch:/home/ubuntu/ros2_humble/install/topic_monitor:/home/ubuntu/ros2_humble/install/tf2_tools:/home/ubuntu/ros2_humble/install/examples_tf2_py:/home/ubuntu/ros2_humble/install/tf2_ros_py:/home/ubuntu/ros2_humble/install/sros2:/home/ubuntu/ros2_humble/install/rqt_topic:/home/ubuntu/ros2_humble/install/rqt_srv:/home/ubuntu/ros2_humble/install/rqt_shell:/home/ubuntu/ros2_humble/install/rqt_service_caller:/home/ubuntu/ros2_humble/install/rqt_reconfigure:/home/ubuntu/ros2_humble/install/rqt_py_console:/home/ubuntu/ros2_humble/install/rqt_publisher:/home/ubuntu/ros2_humble/install/rqt_plot:/home/ubuntu/ros2_humble/install/rqt_action:/home/ubuntu/ros2_humble/install/rqt_msg:/home/ubuntu/ros2_humble/install/rqt_console:/home/ubuntu/ros2_humble/install/rqt:/home/ubuntu/ros2_humble/install/rqt_graph:/home/ubuntu/ros2_humble/install/rqt_gui_py:/home/ubuntu/ros2_humble/install/rqt_gui:/home/ubuntu/ros2_humble/install/ros2trace:/home/ubuntu/ros2_humble/install/ros2topic:/home/ubuntu/ros2_humble/install/ros2test:/home/ubuntu/ros2_humble/install/ros2component:/home/ubuntu/ros2_humble/install/ros2param:/home/ubuntu/ros2_humble/install/ros2lifecycle:/home/ubuntu/ros2_humble/install/ros2service:/home/ubuntu/ros2_humble/install/ros2run:/home/ubuntu/ros2_humble/install/ros2plugin:/home/ubuntu/ros2_humble/install/ros2launch:/home/ubuntu/ros2_humble/install/ros2pkg:/home/ubuntu/ros2_humble/install/ros2node:/home/ubuntu/ros2_humble/install/ros2multicast:/home/ubuntu/ros2_humble/install/ros2interface:/home/ubuntu/ros2_humble/install/ros2doctor:/home/ubuntu/ros2_humble/install/ros2action:/home/ubuntu/ros2_humble/install/ros2cli:/home/ubuntu/ros2_humble/install/quality_of_service_demo_py:/home/ubuntu/ros2_humble/install/lifecycle_py:/home/ubuntu/ros2_humble/install/launch_testing_ros:/home/ubuntu/ros2_humble/install/launch_ros:/home/ubuntu/ros2_humble/install/examples_rclpy_pointcloud_publisher:/home/ubuntu/ros2_humble/install/examples_rclpy_minimal_subscriber:/home/ubuntu/ros2_humble/install/examples_rclpy_minimal_service:/home/ubuntu/ros2_humble/install/examples_rclpy_minimal_publisher:/home/ubuntu/ros2_humble/install/examples_rclpy_minimal_client:/home/ubuntu/ros2_humble/install/examples_rclpy_minimal_action_server:/home/ubuntu/ros2_humble/install/examples_rclpy_minimal_action_client:/home/ubuntu/ros2_humble/install/examples_rclpy_guard_conditions:/home/ubuntu/ros2_humble/install/examples_rclpy_executors:/home/ubuntu/ros2_humble/install/demo_nodes_py:/home/ubuntu/ros2_humble/install/camera_info_manager_py:/home/ubuntu/ros2_humble/install/action_tutorials_py:/home/ubuntu/ros2_humble/install/ament_uncrustify:/home/ubuntu/ros2_humble/install/tracetools_trace:/home/ubuntu/ros2_humble/install/tracetools_read:/home/ubuntu/ros2_humble/install/test_tracetools_launch:/home/ubuntu/ros2_humble/install/test_launch_ros:/home/ubuntu/ros2_humble/install/sensor_msgs_py:/home/ubuntu/ros2_humble/install/rpyutils:/home/ubuntu/ros2_humble/install/rosidl_runtime_py:/home/ubuntu/ros2_humble/install/rosidl_cli:/home/ubuntu/ros2_humble/install/launch_pytest:/home/ubuntu/ros2_humble/install/launch_testing:/home/ubuntu/ros2_humble/install/launch_yaml:/home/ubuntu/ros2_humble/install/launch_xml:/home/ubuntu/ros2_humble/install/launch:/home/ubuntu/ros2_humble/install/osrf_pycommon:/home/ubuntu/ros2_humble/install/domain_coordinator:/home/ubuntu/ros2_humble/install/ament_xmllint:/home/ubuntu/ros2_humble/install/ament_pyflakes:/home/ubuntu/ros2_humble/install/ament_pycodestyle:/home/ubuntu/ros2_humble/install/ament_pep257:/home/ubuntu/ros2_humble/install/ament_pclint:/home/ubuntu/ros2_humble/install/ament_package:/home/ubuntu/ros2_humble/install/ament_mypy:/home/ubuntu/ros2_humble/install/ament_lint_cmake:/home/ubuntu/ros2_humble/install/ament_flake8:/home/ubuntu/ros2_humble/install/ament_copyright:/home/ubuntu/ros2_humble/install/ament_lint:/home/ubuntu/ros2_humble/install/ament_index_python:/home/ubuntu/ros2_humble/install/ament_cpplint:/home/ubuntu/ros2_humble/install/ament_cppcheck:/home/ubuntu/ros2_humble/install/ament_clang_tidy:/home/ubuntu/ros2_humble/install/ament_clang_format /usr/bin/cmake --install /home/ubuntu/diffbot_ws/build/diffbot_sim
[1.614s] Level 1:colcon.colcon_core.environment:create_environment_scripts_only(diffbot_sim)
[1.615s] DEBUG:colcon.colcon_core.event_handler.log_command:Invoked command in '/home/ubuntu/diffbot_ws/build/diffbot_sim' returned '0': CMAKE_PREFIX_PATH=${CMAKE_PREFIX_PATH}:/opt/ros/humble:/home/ubuntu/ros2_humble/install/rqt_bag_plugins:/home/ubuntu/ros2_humble/install/rqt_bag:/home/ubuntu/ros2_humble/install/launch_testing_examples:/home/ubuntu/ros2_humble/install/ros2bag:/home/ubuntu/ros2_humble/install/tracetools_test:/home/ubuntu/ros2_humble/install/tracetools_launch:/home/ubuntu/ros2_humble/install/topic_monitor:/home/ubuntu/ros2_humble/install/tf2_tools:/home/ubuntu/ros2_humble/install/examples_tf2_py:/home/ubuntu/ros2_humble/install/tf2_ros_py:/home/ubuntu/ros2_humble/install/sros2:/home/ubuntu/ros2_humble/install/rqt_topic:/home/ubuntu/ros2_humble/install/rqt_srv:/home/ubuntu/ros2_humble/install/rqt_shell:/home/ubuntu/ros2_humble/install/rqt_service_caller:/home/ubuntu/ros2_humble/install/rqt_reconfigure:/home/ubuntu/ros2_humble/install/rqt_py_console:/home/ubuntu/ros2_humble/install/rqt_publisher:/home/ubuntu/ros2_humble/install/rqt_plot:/home/ubuntu/ros2_humble/install/rqt_action:/home/ubuntu/ros2_humble/install/rqt_msg:/home/ubuntu/ros2_humble/install/rqt_console:/home/ubuntu/ros2_humble/install/rqt:/home/ubuntu/ros2_humble/install/rqt_graph:/home/ubuntu/ros2_humble/install/rqt_gui_py:/home/ubuntu/ros2_humble/install/rqt_gui:/home/ubuntu/ros2_humble/install/ros2trace:/home/ubuntu/ros2_humble/install/ros2topic:/home/ubuntu/ros2_humble/install/ros2test:/home/ubuntu/ros2_humble/install/ros2component:/home/ubuntu/ros2_humble/install/ros2param:/home/ubuntu/ros2_humble/install/ros2lifecycle:/home/ubuntu/ros2_humble/install/ros2service:/home/ubuntu/ros2_humble/install/ros2run:/home/ubuntu/ros2_humble/install/ros2plugin:/home/ubuntu/ros2_humble/install/ros2launch:/home/ubuntu/ros2_humble/install/ros2pkg:/home/ubuntu/ros2_humble/install/ros2node:/home/ubuntu/ros2_humble/install/ros2multicast:/home/ubuntu/ros2_humble/install/ros2interface:/home/ubuntu/ros2_humble/install/ros2doctor:/home/ubuntu/ros2_humble/install/ros2action:/home/ubuntu/ros2_humble/install/ros2cli:/home/ubuntu/ros2_humble/install/quality_of_service_demo_py:/home/ubuntu/ros2_humble/install/lifecycle_py:/home/ubuntu/ros2_humble/install/launch_testing_ros:/home/ubuntu/ros2_humble/install/launch_ros:/home/ubuntu/ros2_humble/install/examples_rclpy_pointcloud_publisher:/home/ubuntu/ros2_humble/install/examples_rclpy_minimal_subscriber:/home/ubuntu/ros2_humble/install/examples_rclpy_minimal_service:/home/ubuntu/ros2_humble/install/examples_rclpy_minimal_publisher:/home/ubuntu/ros2_humble/install/examples_rclpy_minimal_client:/home/ubuntu/ros2_humble/install/examples_rclpy_minimal_action_server:/home/ubuntu/ros2_humble/install/examples_rclpy_minimal_action_client:/home/ubuntu/ros2_humble/install/examples_rclpy_guard_conditions:/home/ubuntu/ros2_humble/install/examples_rclpy_executors:/home/ubuntu/ros2_humble/install/demo_nodes_py:/home/ubuntu/ros2_humble/install/camera_info_manager_py:/home/ubuntu/ros2_humble/install/action_tutorials_py:/home/ubuntu/ros2_humble/install/ament_uncrustify:/home/ubuntu/ros2_humble/install/tracetools_trace:/home/ubuntu/ros2_humble/install/tracetools_read:/home/ubuntu/ros2_humble/install/test_tracetools_launch:/home/ubuntu/ros2_humble/install/test_launch_ros:/home/ubuntu/ros2_humble/install/sensor_msgs_py:/home/ubuntu/ros2_humble/install/rpyutils:/home/ubuntu/ros2_humble/install/rosidl_runtime_py:/home/ubuntu/ros2_humble/install/rosidl_cli:/home/ubuntu/ros2_humble/install/launch_pytest:/home/ubuntu/ros2_humble/install/launch_testing:/home/ubuntu/ros2_humble/install/launch_yaml:/home/ubuntu/ros2_humble/install/launch_xml:/home/ubuntu/ros2_humble/install/launch:/home/ubuntu/ros2_humble/install/osrf_pycommon:/home/ubuntu/ros2_humble/install/domain_coordinator:/home/ubuntu/ros2_humble/install/ament_xmllint:/home/ubuntu/ros2_humble/install/ament_pyflakes:/home/ubuntu/ros2_humble/install/ament_pycodestyle:/home/ubuntu/ros2_humble/install/ament_pep257:/home/ubuntu/ros2_humble/install/ament_pclint:/home/ubuntu/ros2_humble/install/ament_package:/home/ubuntu/ros2_humble/install/ament_mypy:/home/ubuntu/ros2_humble/install/ament_lint_cmake:/home/ubuntu/ros2_humble/install/ament_flake8:/home/ubuntu/ros2_humble/install/ament_copyright:/home/ubuntu/ros2_humble/install/ament_lint:/home/ubuntu/ros2_humble/install/ament_index_python:/home/ubuntu/ros2_humble/install/ament_cpplint:/home/ubuntu/ros2_humble/install/ament_cppcheck:/home/ubuntu/ros2_humble/install/ament_clang_tidy:/home/ubuntu/ros2_humble/install/ament_clang_format /usr/bin/cmake --install /home/ubuntu/diffbot_ws/build/diffbot_sim
[1.630s] Level 1:colcon.colcon_core.environment:checking '/home/ubuntu/diffbot_ws/install/diffbot_sim' for CMake module files
[1.631s] Level 1:colcon.colcon_core.environment:checking '/home/ubuntu/diffbot_ws/install/diffbot_sim' for CMake config files
[1.631s] Level 1:colcon.colcon_core.shell:create_environment_hook('diffbot_sim', 'cmake_prefix_path')
[1.632s] INFO:colcon.colcon_core.shell:Creating environment hook '/home/ubuntu/diffbot_ws/install/diffbot_sim/share/diffbot_sim/hook/cmake_prefix_path.ps1'
[1.633s] INFO:colcon.colcon_core.shell:Creating environment descriptor '/home/ubuntu/diffbot_ws/install/diffbot_sim/share/diffbot_sim/hook/cmake_prefix_path.dsv'
[1.634s] INFO:colcon.colcon_core.shell:Creating environment hook '/home/ubuntu/diffbot_ws/install/diffbot_sim/share/diffbot_sim/hook/cmake_prefix_path.sh'
[1.636s] Level 1:colcon.colcon_core.environment:checking '/home/ubuntu/diffbot_ws/install/diffbot_sim/bin'
[1.636s] Level 1:colcon.colcon_core.environment:checking '/home/ubuntu/diffbot_ws/install/diffbot_sim/lib/pkgconfig/diffbot_sim.pc'
[1.637s] Level 1:colcon.colcon_core.environment:checking '/home/ubuntu/diffbot_ws/install/diffbot_sim/lib/python3.10/site-packages'
[1.637s] Level 1:colcon.colcon_core.environment:checking '/home/ubuntu/diffbot_ws/install/diffbot_sim/bin'
[1.638s] INFO:colcon.colcon_core.shell:Creating package script '/home/ubuntu/diffbot_ws/install/diffbot_sim/share/diffbot_sim/package.ps1'
[1.640s] INFO:colcon.colcon_core.shell:Creating package descriptor '/home/ubuntu/diffbot_ws/install/diffbot_sim/share/diffbot_sim/package.dsv'
[1.641s] INFO:colcon.colcon_core.shell:Creating package script '/home/ubuntu/diffbot_ws/install/diffbot_sim/share/diffbot_sim/package.sh'
[1.642s] INFO:colcon.colcon_core.shell:Creating package script '/home/ubuntu/diffbot_ws/install/diffbot_sim/share/diffbot_sim/package.bash'
[1.644s] INFO:colcon.colcon_core.shell:Creating package script '/home/ubuntu/diffbot_ws/install/diffbot_sim/share/diffbot_sim/package.zsh'
[1.645s] Level 1:colcon.colcon_core.environment:create_file_with_runtime_dependencies(/home/ubuntu/diffbot_ws/install/diffbot_sim/share/colcon-core/packages/diffbot_sim)
[1.646s] Level 1:colcon.colcon_core.environment:create_environment_scripts_only(diffbot_sim)
[1.647s] Level 1:colcon.colcon_core.environment:checking '/home/ubuntu/diffbot_ws/install/diffbot_sim' for CMake module files
[1.647s] Level 1:colcon.colcon_core.environment:checking '/home/ubuntu/diffbot_ws/install/diffbot_sim' for CMake config files
[1.648s] Level 1:colcon.colcon_core.shell:create_environment_hook('diffbot_sim', 'cmake_prefix_path')
[1.648s] INFO:colcon.colcon_core.shell:Creating environment hook '/home/ubuntu/diffbot_ws/install/diffbot_sim/share/diffbot_sim/hook/cmake_prefix_path.ps1'
[1.649s] INFO:colcon.colcon_core.shell:Creating environment descriptor '/home/ubuntu/diffbot_ws/install/diffbot_sim/share/diffbot_sim/hook/cmake_prefix_path.dsv'
[1.649s] INFO:colcon.colcon_core.shell:Creating environment hook '/home/ubuntu/diffbot_ws/install/diffbot_sim/share/diffbot_sim/hook/cmake_prefix_path.sh'
[1.650s] Level 1:colcon.colcon_core.environment:checking '/home/ubuntu/diffbot_ws/install/diffbot_sim/bin'
[1.650s] Level 1:colcon.colcon_core.environment:checking '/home/ubuntu/diffbot_ws/install/diffbot_sim/lib/pkgconfig/diffbot_sim.pc'
[1.650s] Level 1:colcon.colcon_core.environment:checking '/home/ubuntu/diffbot_ws/install/diffbot_sim/lib/python3.10/site-packages'
[1.651s] Level 1:colcon.colcon_core.environment:checking '/home/ubuntu/diffbot_ws/install/diffbot_sim/bin'
[1.651s] INFO:colcon.colcon_core.shell:Creating package script '/home/ubuntu/diffbot_ws/install/diffbot_sim/share/diffbot_sim/package.ps1'
[1.652s] INFO:colcon.colcon_core.shell:Creating package descriptor '/home/ubuntu/diffbot_ws/install/diffbot_sim/share/diffbot_sim/package.dsv'
[1.653s] INFO:colcon.colcon_core.shell:Creating package script '/home/ubuntu/diffbot_ws/install/diffbot_sim/share/diffbot_sim/package.sh'
[1.654s] INFO:colcon.colcon_core.shell:Creating package script '/home/ubuntu/diffbot_ws/install/diffbot_sim/share/diffbot_sim/package.bash'
[1.654s] INFO:colcon.colcon_core.shell:Creating package script '/home/ubuntu/diffbot_ws/install/diffbot_sim/share/diffbot_sim/package.zsh'
[1.655s] Level 1:colcon.colcon_core.environment:create_file_with_runtime_dependencies(/home/ubuntu/diffbot_ws/install/diffbot_sim/share/colcon-core/packages/diffbot_sim)
[1.655s] DEBUG:colcon.colcon_parallel_executor.executor.parallel:closing loop
[1.655s] DEBUG:colcon.colcon_parallel_executor.executor.parallel:loop closed
[1.656s] DEBUG:colcon.colcon_parallel_executor.executor.parallel:run_until_complete finished with '0'
[1.656s] DEBUG:colcon.colcon_core.event_reactor:joining thread
[1.672s] INFO:colcon.colcon_core.plugin_system:Skipping extension 'colcon_notification.desktop_notification.terminal_notifier': Not used on non-Darwin systems
[1.672s] INFO:colcon.colcon_core.plugin_system:Skipping extension 'colcon_notification.desktop_notification.win32': Not used on non-Windows systems
[1.672s] INFO:colcon.colcon_notification.desktop_notification:Sending desktop notification using 'notify2'
[1.696s] DEBUG:colcon.colcon_core.event_reactor:joined thread
[1.697s] INFO:colcon.colcon_core.shell:Creating prefix script '/home/ubuntu/diffbot_ws/install/local_setup.ps1'
[1.699s] INFO:colcon.colcon_core.shell:Creating prefix util module '/home/ubuntu/diffbot_ws/install/_local_setup_util_ps1.py'
[1.702s] INFO:colcon.colcon_core.shell:Creating prefix chain script '/home/ubuntu/diffbot_ws/install/setup.ps1'
[1.719s] INFO:colcon.colcon_core.shell:Creating prefix script '/home/ubuntu/diffbot_ws/install/local_setup.sh'
[1.721s] INFO:colcon.colcon_core.shell:Creating prefix util module '/home/ubuntu/diffbot_ws/install/_local_setup_util_sh.py'
[1.721s] INFO:colcon.colcon_core.shell:Creating prefix chain script '/home/ubuntu/diffbot_ws/install/setup.sh'
[1.738s] INFO:colcon.colcon_core.shell:Creating prefix script '/home/ubuntu/diffbot_ws/install/local_setup.bash'
[1.739s] INFO:colcon.colcon_core.shell:Creating prefix chain script '/home/ubuntu/diffbot_ws/install/setup.bash'
[1.754s] INFO:colcon.colcon_core.shell:Creating prefix script '/home/ubuntu/diffbot_ws/install/local_setup.zsh'
[1.755s] INFO:colcon.colcon_core.shell:Creating prefix chain script '/home/ubuntu/diffbot_ws/install/setup.zsh'
