-- The C compiler identification is GNU 11.4.0
-- The CXX compiler identification is GNU 11.4.0
-- Detecting C compiler ABI info
-- Detecting C compiler ABI info - done
-- Check for working C compiler: /usr/bin/cc - skipped
-- Detecting C compile features
-- Detecting C compile features - done
-- Detecting CXX compiler ABI info
-- Detecting CXX compiler ABI info - done
-- Check for working CXX compiler: /usr/bin/c++ - skipped
-- Detecting CXX compile features
-- Detecting CXX compile features - done
-- Found ament_cmake: 1.3.14 (/home/ubuntu/ros2_humble/install/ament_cmake/share/ament_cmake/cmake)
-- Found Python3: /usr/bin/python3 (found version "3.10.12") found components: Interpreter 
-- Override CMake install command with custom implementation using symlinks instead of copying resources
-- Configuring done
-- Generating done
-- Build files have been written to: /home/ubuntu/diffbot_ws/build/diffbot_sim
-- Install configuration: ""
-- Execute custom install script
-- Symlinking: /home/ubuntu/diffbot_ws/install/diffbot_sim/share/diffbot_sim/urdf/diffbot.urdf.xacro
-- Symlinking: /home/ubuntu/diffbot_ws/install/diffbot_sim/share/diffbot_sim/launch/gazebo_sim.launch.py
-- Symlinking: /home/ubuntu/diffbot_ws/install/diffbot_sim/share/diffbot_sim/launch/teleop.launch.py
-- Symlinking: /home/ubuntu/diffbot_ws/install/diffbot_sim/share/diffbot_sim/worlds/empty_arena.world
